2026-03-09 13:04:22,447 ERROR fastapi01 InternalServerError method=GET path=/1
Traceback (most recent call last):
  File "/home/tani09/snk-projects/fastapi01/.venv/lib/python3.14/site-packages/starlette/middleware/errors.py", line 164, in __call__
    await self.app(scope, receive, _send)
  File "/home/tani09/snk-projects/fastapi01/.venv/lib/python3.14/site-packages/starlette/middleware/exceptions.py", line 63, in __call__
    await wrap_app_handling_exceptions(self.app, conn)(scope, receive, send)
  File "/home/tani09/snk-projects/fastapi01/.venv/lib/python3.14/site-packages/starlette/_exception_handler.py", line 53, in wrapped_app
    raise exc
  File "/home/tani09/snk-projects/fastapi01/.venv/lib/python3.14/site-packages/starlette/_exception_handler.py", line 42, in wrapped_app
    await app(scope, receive, sender)
  File "/home/tani09/snk-projects/fastapi01/.venv/lib/python3.14/site-packages/fastapi/middleware/asyncexitstack.py", line 18, in __call__
    await self.app(scope, receive, send)
  File "/home/tani09/snk-projects/fastapi01/.venv/lib/python3.14/site-packages/starlette/routing.py", line 716, in __call__
    await self.middleware_stack(scope, receive, send)
  File "/home/tani09/snk-projects/fastapi01/.venv/lib/python3.14/site-packages/starlette/routing.py", line 736, in app
    await route.handle(scope, receive, send)
  File "/home/tani09/snk-projects/fastapi01/.venv/lib/python3.14/site-packages/starlette/routing.py", line 290, in handle
    await self.app(scope, receive, send)
  File "/home/tani09/snk-projects/fastapi01/.venv/lib/python3.14/site-packages/fastapi/routing.py", line 130, in app
    await wrap_app_handling_exceptions(app, request)(scope, receive, send)
  File "/home/tani09/snk-projects/fastapi01/.venv/lib/python3.14/site-packages/starlette/_exception_handler.py", line 53, in wrapped_app
    raise exc
  File "/home/tani09/snk-projects/fastapi01/.venv/lib/python3.14/site-packages/starlette/_exception_handler.py", line 42, in wrapped_app
    await app(scope, receive, sender)
  File "/home/tani09/snk-projects/fastapi01/.venv/lib/python3.14/site-packages/fastapi/routing.py", line 116, in app
    response = await f(request)
               ^^^^^^^^^^^^^^^^
  File "/home/tani09/snk-projects/fastapi01/.venv/lib/python3.14/site-packages/fastapi/routing.py", line 670, in app
    raw_response = await run_endpoint_function(
                   ^^^^^^^^^^^^^^^^^^^^^^^^^^^^
    ...<3 lines>...
    )
    ^
  File "/home/tani09/snk-projects/fastapi01/.venv/lib/python3.14/site-packages/fastapi/routing.py", line 326, in run_endpoint_function
    return await run_in_threadpool(dependant.call, **values)
           ^^^^^^^^^^^^^^^^^^^^^^^^^^^^^^^^^^^^^^^^^^^^^^^^^
  File "/home/tani09/snk-projects/fastapi01/.venv/lib/python3.14/site-packages/starlette/concurrency.py", line 32, in run_in_threadpool
    return await anyio.to_thread.run_sync(func)
           ^^^^^^^^^^^^^^^^^^^^^^^^^^^^^^^^^^^^
  File "/home/tani09/snk-projects/fastapi01/.venv/lib/python3.14/site-packages/anyio/to_thread.py", line 63, in run_sync
    return await get_async_backend().run_sync_in_worker_thread(
           ^^^^^^^^^^^^^^^^^^^^^^^^^^^^^^^^^^^^^^^^^^^^^^^^^^^^
        func, args, abandon_on_cancel=abandon_on_cancel, limiter=limiter
        ^^^^^^^^^^^^^^^^^^^^^^^^^^^^^^^^^^^^^^^^^^^^^^^^^^^^^^^^^^^^^^^^
    )
    ^
  File "/home/tani09/snk-projects/fastapi01/.venv/lib/python3.14/site-packages/anyio/_backends/_asyncio.py", line 2502, in run_sync_in_worker_thread
    return await future
           ^^^^^^^^^^^^
  File "/home/tani09/snk-projects/fastapi01/.venv/lib/python3.14/site-packages/anyio/_backends/_asyncio.py", line 986, in run
    result = context.run(func, *args)
  File "/home/tani09/snk-projects/fastapi01/src/fastapi01/presentation/router.py", line 18, in get_country
    country = service.get_country(id)
  File "/home/tani09/snk-projects/fastapi01/src/fastapi01/application/service.py", line 13, in get_country
    return self.repo.find_by_id(id)
           ~~~~~~~~~~~~~~~~~~~~^^^^
  File "/home/tani09/snk-projects/fastapi01/src/fastapi01/infra/repository.py", line 16, in find_by_id
    countries = self.load_all()
  File "/home/tani09/snk-projects/fastapi01/src/fastapi01/infra/repository.py", line 13, in load_all
    return [Country(id=i, **x) for i, x in enumerate(data, start=1)]
            ~~~~~~~^^^^^^^^^^^
  File "/home/tani09/snk-projects/fastapi01/.venv/lib/python3.14/site-packages/pydantic/main.py", line 250, in __init__
    validated_self = self.__pydantic_validator__.validate_python(data, self_instance=self)
pydantic_core._pydantic_core.ValidationError: 1 validation error for Country
slug_id
  Extra inputs are not permitted [type=extra_forbidden, input_value='japan', input_type=str]
    For further information visit https://errors.pydantic.dev/2.12/v/extra_forbidden
2026-03-09 13:06:35,776 ERROR fastapi01 InternalServerError method=GET path=/1
Traceback (most recent call last):
  File "/home/tani09/snk-projects/fastapi01/.venv/lib/python3.14/site-packages/starlette/middleware/errors.py", line 164, in __call__
    await self.app(scope, receive, _send)
  File "/home/tani09/snk-projects/fastapi01/.venv/lib/python3.14/site-packages/starlette/middleware/exceptions.py", line 63, in __call__
    await wrap_app_handling_exceptions(self.app, conn)(scope, receive, send)
  File "/home/tani09/snk-projects/fastapi01/.venv/lib/python3.14/site-packages/starlette/_exception_handler.py", line 53, in wrapped_app
    raise exc
  File "/home/tani09/snk-projects/fastapi01/.venv/lib/python3.14/site-packages/starlette/_exception_handler.py", line 42, in wrapped_app
    await app(scope, receive, sender)
  File "/home/tani09/snk-projects/fastapi01/.venv/lib/python3.14/site-packages/fastapi/middleware/asyncexitstack.py", line 18, in __call__
    await self.app(scope, receive, send)
  File "/home/tani09/snk-projects/fastapi01/.venv/lib/python3.14/site-packages/starlette/routing.py", line 716, in __call__
    await self.middleware_stack(scope, receive, send)
  File "/home/tani09/snk-projects/fastapi01/.venv/lib/python3.14/site-packages/starlette/routing.py", line 736, in app
    await route.handle(scope, receive, send)
  File "/home/tani09/snk-projects/fastapi01/.venv/lib/python3.14/site-packages/starlette/routing.py", line 290, in handle
    await self.app(scope, receive, send)
  File "/home/tani09/snk-projects/fastapi01/.venv/lib/python3.14/site-packages/fastapi/routing.py", line 130, in app
    await wrap_app_handling_exceptions(app, request)(scope, receive, send)
  File "/home/tani09/snk-projects/fastapi01/.venv/lib/python3.14/site-packages/starlette/_exception_handler.py", line 53, in wrapped_app
    raise exc
  File "/home/tani09/snk-projects/fastapi01/.venv/lib/python3.14/site-packages/starlette/_exception_handler.py", line 42, in wrapped_app
    await app(scope, receive, sender)
  File "/home/tani09/snk-projects/fastapi01/.venv/lib/python3.14/site-packages/fastapi/routing.py", line 116, in app
    response = await f(request)
               ^^^^^^^^^^^^^^^^
  File "/home/tani09/snk-projects/fastapi01/.venv/lib/python3.14/site-packages/fastapi/routing.py", line 670, in app
    raw_response = await run_endpoint_function(
                   ^^^^^^^^^^^^^^^^^^^^^^^^^^^^
    ...<3 lines>...
    )
    ^
  File "/home/tani09/snk-projects/fastapi01/.venv/lib/python3.14/site-packages/fastapi/routing.py", line 326, in run_endpoint_function
    return await run_in_threadpool(dependant.call, **values)
           ^^^^^^^^^^^^^^^^^^^^^^^^^^^^^^^^^^^^^^^^^^^^^^^^^
  File "/home/tani09/snk-projects/fastapi01/.venv/lib/python3.14/site-packages/starlette/concurrency.py", line 32, in run_in_threadpool
    return await anyio.to_thread.run_sync(func)
           ^^^^^^^^^^^^^^^^^^^^^^^^^^^^^^^^^^^^
  File "/home/tani09/snk-projects/fastapi01/.venv/lib/python3.14/site-packages/anyio/to_thread.py", line 63, in run_sync
    return await get_async_backend().run_sync_in_worker_thread(
           ^^^^^^^^^^^^^^^^^^^^^^^^^^^^^^^^^^^^^^^^^^^^^^^^^^^^
        func, args, abandon_on_cancel=abandon_on_cancel, limiter=limiter
        ^^^^^^^^^^^^^^^^^^^^^^^^^^^^^^^^^^^^^^^^^^^^^^^^^^^^^^^^^^^^^^^^
    )
    ^
  File "/home/tani09/snk-projects/fastapi01/.venv/lib/python3.14/site-packages/anyio/_backends/_asyncio.py", line 2502, in run_sync_in_worker_thread
    return await future
           ^^^^^^^^^^^^
  File "/home/tani09/snk-projects/fastapi01/.venv/lib/python3.14/site-packages/anyio/_backends/_asyncio.py", line 986, in run
    result = context.run(func, *args)
  File "/home/tani09/snk-projects/fastapi01/src/fastapi01/presentation/router.py", line 18, in get_country
    country = service.get_country(id)
  File "/home/tani09/snk-projects/fastapi01/src/fastapi01/application/service.py", line 13, in get_country
    return self.repo.find_by_id(id)
           ~~~~~~~~~~~~~~~~~~~~^^^^
  File "/home/tani09/snk-projects/fastapi01/src/fastapi01/infra/repository.py", line 24, in find_by_id
    countries = self.load_all()
  File "/home/tani09/snk-projects/fastapi01/src/fastapi01/infra/repository.py", line 12, in load_all
    data = json.loads(DATA_PATH.read_text())
                      ~~~~~~~~~~~~~~~~~~~^^
  File "/home/tani09/.local/share/uv/python/cpython-3.14.0-linux-x86_64-gnu/lib/python3.14/pathlib/__init__.py", line 792, in read_text
    with self.open(mode='r', encoding=encoding, errors=errors, newline=newline) as f:
         ~~~~~~~~~^^^^^^^^^^^^^^^^^^^^^^^^^^^^^^^^^^^^^^^^^^^^^^^^^^^^^^^^^^^^^
  File "/home/tani09/.local/share/uv/python/cpython-3.14.0-linux-x86_64-gnu/lib/python3.14/pathlib/__init__.py", line 776, in open
    return io.open(self, mode, buffering, encoding, errors, newline)
           ~~~~~~~^^^^^^^^^^^^^^^^^^^^^^^^^^^^^^^^^^^^^^^^^^^^^^^^^^
FileNotFoundError: [Errno 2] No such file or directory: 'data/countries.json'
2026-03-09 13:16:46,671 ERROR fastapi01 InternalServerError method=GET path=/1
Traceback (most recent call last):
  File "/home/tani09/snk-projects/fastapi01/.venv/lib/python3.14/site-packages/starlette/middleware/errors.py", line 164, in __call__
    await self.app(scope, receive, _send)
  File "/home/tani09/snk-projects/fastapi01/.venv/lib/python3.14/site-packages/starlette/middleware/exceptions.py", line 63, in __call__
    await wrap_app_handling_exceptions(self.app, conn)(scope, receive, send)
  File "/home/tani09/snk-projects/fastapi01/.venv/lib/python3.14/site-packages/starlette/_exception_handler.py", line 53, in wrapped_app
    raise exc
  File "/home/tani09/snk-projects/fastapi01/.venv/lib/python3.14/site-packages/starlette/_exception_handler.py", line 42, in wrapped_app
    await app(scope, receive, sender)
  File "/home/tani09/snk-projects/fastapi01/.venv/lib/python3.14/site-packages/fastapi/middleware/asyncexitstack.py", line 18, in __call__
    await self.app(scope, receive, send)
  File "/home/tani09/snk-projects/fastapi01/.venv/lib/python3.14/site-packages/starlette/routing.py", line 716, in __call__
    await self.middleware_stack(scope, receive, send)
  File "/home/tani09/snk-projects/fastapi01/.venv/lib/python3.14/site-packages/starlette/routing.py", line 736, in app
    await route.handle(scope, receive, send)
  File "/home/tani09/snk-projects/fastapi01/.venv/lib/python3.14/site-packages/starlette/routing.py", line 290, in handle
    await self.app(scope, receive, send)
  File "/home/tani09/snk-projects/fastapi01/.venv/lib/python3.14/site-packages/fastapi/routing.py", line 130, in app
    await wrap_app_handling_exceptions(app, request)(scope, receive, send)
  File "/home/tani09/snk-projects/fastapi01/.venv/lib/python3.14/site-packages/starlette/_exception_handler.py", line 53, in wrapped_app
    raise exc
  File "/home/tani09/snk-projects/fastapi01/.venv/lib/python3.14/site-packages/starlette/_exception_handler.py", line 42, in wrapped_app
    await app(scope, receive, sender)
  File "/home/tani09/snk-projects/fastapi01/.venv/lib/python3.14/site-packages/fastapi/routing.py", line 116, in app
    response = await f(request)
               ^^^^^^^^^^^^^^^^
  File "/home/tani09/snk-projects/fastapi01/.venv/lib/python3.14/site-packages/fastapi/routing.py", line 670, in app
    raw_response = await run_endpoint_function(
                   ^^^^^^^^^^^^^^^^^^^^^^^^^^^^
    ...<3 lines>...
    )
    ^
  File "/home/tani09/snk-projects/fastapi01/.venv/lib/python3.14/site-packages/fastapi/routing.py", line 326, in run_endpoint_function
    return await run_in_threadpool(dependant.call, **values)
           ^^^^^^^^^^^^^^^^^^^^^^^^^^^^^^^^^^^^^^^^^^^^^^^^^
  File "/home/tani09/snk-projects/fastapi01/.venv/lib/python3.14/site-packages/starlette/concurrency.py", line 32, in run_in_threadpool
    return await anyio.to_thread.run_sync(func)
           ^^^^^^^^^^^^^^^^^^^^^^^^^^^^^^^^^^^^
  File "/home/tani09/snk-projects/fastapi01/.venv/lib/python3.14/site-packages/anyio/to_thread.py", line 63, in run_sync
    return await get_async_backend().run_sync_in_worker_thread(
           ^^^^^^^^^^^^^^^^^^^^^^^^^^^^^^^^^^^^^^^^^^^^^^^^^^^^
        func, args, abandon_on_cancel=abandon_on_cancel, limiter=limiter
        ^^^^^^^^^^^^^^^^^^^^^^^^^^^^^^^^^^^^^^^^^^^^^^^^^^^^^^^^^^^^^^^^
    )
    ^
  File "/home/tani09/snk-projects/fastapi01/.venv/lib/python3.14/site-packages/anyio/_backends/_asyncio.py", line 2502, in run_sync_in_worker_thread
    return await future
           ^^^^^^^^^^^^
  File "/home/tani09/snk-projects/fastapi01/.venv/lib/python3.14/site-packages/anyio/_backends/_asyncio.py", line 986, in run
    result = context.run(func, *args)
  File "/home/tani09/snk-projects/fastapi01/src/fastapi01/presentation/router.py", line 18, in get_country
    country = service.get_country(id)
  File "/home/tani09/snk-projects/fastapi01/src/fastapi01/application/service.py", line 13, in get_country
    return self.repo.find_by_id(id)
           ~~~~~~~~~~~~~~~~~~~~^^^^
  File "/home/tani09/snk-projects/fastapi01/src/fastapi01/infra/repository.py", line 24, in find_by_id
    countries = self.load_all()
  File "/home/tani09/snk-projects/fastapi01/src/fastapi01/infra/repository.py", line 12, in load_all
    data = json.loads(DATA_PATH.read_text())
                      ~~~~~~~~~~~~~~~~~~~^^
  File "/home/tani09/.local/share/uv/python/cpython-3.14.0-linux-x86_64-gnu/lib/python3.14/pathlib/__init__.py", line 792, in read_text
    with self.open(mode='r', encoding=encoding, errors=errors, newline=newline) as f:
         ~~~~~~~~~^^^^^^^^^^^^^^^^^^^^^^^^^^^^^^^^^^^^^^^^^^^^^^^^^^^^^^^^^^^^^
  File "/home/tani09/.local/share/uv/python/cpython-3.14.0-linux-x86_64-gnu/lib/python3.14/pathlib/__init__.py", line 776, in open
    return io.open(self, mode, buffering, encoding, errors, newline)
           ~~~~~~~^^^^^^^^^^^^^^^^^^^^^^^^^^^^^^^^^^^^^^^^^^^^^^^^^^
FileNotFoundError: [Errno 2] No such file or directory: 'data/countries.json'
